
> web@0.1.0 build D:\Projects\cuhp-devs\apps\web
> next build

Γû▓ Next.js 16.1.5 (Turbopack)
- Environments: .env.local

  Creating an optimized production build ...
node.exe : 
At C:\Users\ak394\App
Data\Roaming\npm\pnpm
.ps1:24 char:5
+     & "node$exe"  "
$basedir/node_modules
/pnpm/bin/pnpm.cjs" 
$args
+     ~~~~~~~~~~~~~~~
~~~~~~~~~~~~~~~~~~~~~
~~~~~~~~~~~~~~~~~~~~~
~~~~
    + CategoryInfo   
           : NotSpe  
  cified: (:String   
 ) [], RemoteExce    
ption
    + FullyQualified 
   ErrorId : Native  
  CommandError
 
> Build error 
occurred
Error: Turbopack 
build failed with 4 
errors:
./apps/web/components
/OnboardingStepTwoCli
ent.tsx:5:1
Module not found: 
Can't resolve 
'../../../lib/api'
[0m [90m 3 |[39m 
[36mimport[39m { 
useRouter } 
[36mfrom[39m [32m"
next/navigation"[39m
[33m;[39m
 [90m 4 |[39m 
[36mimport[39m [33
mOnboardingTwo[39m[
33m,[39m { [33mOnbo
ardingStepTwoData[39
m } [36mfrom[39m [
32m"@repo/ui/profile-
setup/OnboardingPageT
wo"[39m[33m;[39m
[31m[1m>[22m[39m
[90m 5 |[39m 
[36mimport[39m { 
apiFetch } 
[36mfrom[39m [32m"
../../../lib/api"[39
m[33m;[39m
 [90m   |[39m [31m
[1m^[22m[39m[31m
[1m^[22m[39m[31m[
1m^[22m[39m[31m[1
m^[22m[39m[31m[1m
^[22m[39m[31m[1m^
[22m[39m[31m[1m^
[22m[39m[31m[1m^[
22m[39m[31m[1m^[2
2m[39m[31m[1m^[22
m[39m[31m[1m^[22m
[39m[31m[1m^[22m
[39m[31m[1m^[22m[
39m[31m[1m^[22m[3
9m[31m[1m^[22m[39
m[31m[1m^[22m[39m
[31m[1m^[22m[39m
[31m[1m^[22m[39m[
31m[1m^[22m[39m[3
1m[1m^[22m[39m[31
m[1m^[22m[39m[31m
[1m^[22m[39m[31m
[1m^[22m[39m[31m[
1m^[22m[39m[31m[1
m^[22m[39m[31m[1m
^[22m[39m[31m[1m^
[22m[39m[31m[1m^
[22m[39m[31m[1m^[
22m[39m[31m[1m^[2
2m[39m[31m[1m^[22
m[39m[31m[1m^[22m
[39m[31m[1m^[22m
[39m[31m[1m^[22m[
39m[31m[1m^[22m[3
9m[31m[1m^[22m[39
m[31m[1m^[22m[39m
[31m[1m^[22m[39m
[31m[1m^[22m[39m[
31m[1m^[22m[39m[3
1m[1m^[22m[39m[31
m[1m^[22m[39m[31m
[1m^[22m[39m[31m
[1m^[22m[39m
 [90m 6 |[39m 
[36mimport[39m { 
toast } 
[36mfrom[39m [32m"
../../../store/useToa
stStore"[39m[33m;[
39m
 [90m 7 |[39m 
[36mimport[39m { 
useOnboardingStore } 
[36mfrom[39m [32m"
../../../store/useOnb
oardingStore"[39m[3
3m;[39m
 [90m 8 |[39m 
[36mimport[39m { 
useAuthStore } 
[36mfrom[39m [32m"
../../../store/useAut
hStore"[39m[33m;[3
9m[0m



Import trace:
  Server Component:
    ./apps/web/compon
ents/OnboardingStepTw
oClient.tsx
    ./apps/web/app/on
boarding/step2/page.t
sx

https://nextjs.org/do
cs/messages/module-no
t-found


./apps/web/components
/OnboardingStepTwoCli
ent.tsx:8:1
Module not found: 
Can't resolve '../../
../store/useAuthStore
'
[0m [90m  6 |[39m 
[36mimport[39m { 
toast } 
[36mfrom[39m [32m"
../../../store/useToa
stStore"[39m[33m;[
39m
 [90m  7 |[39m 
[36mimport[39m { 
useOnboardingStore } 
[36mfrom[39m [32m"
../../../store/useOnb
oardingStore"[39m[3
3m;[39m
[31m[1m>[22m[39m
[90m  8 |[39m 
[36mimport[39m { 
useAuthStore } 
[36mfrom[39m [32m"
../../../store/useAut
hStore"[39m[33m;[3
9m
 [90m    |[39m [31
m[1m^[22m[39m[31m
[1m^[22m[39m[31m
[1m^[22m[39m[31m[
1m^[22m[39m[31m[1
m^[22m[39m[31m[1m
^[22m[39m[31m[1m^
[22m[39m[31m[1m^
[22m[39m[31m[1m^[
22m[39m[31m[1m^[2
2m[39m[31m[1m^[22
m[39m[31m[1m^[22m
[39m[31m[1m^[22m
[39m[31m[1m^[22m[
39m[31m[1m^[22m[3
9m[31m[1m^[22m[39
m[31m[1m^[22m[39m
[31m[1m^[22m[39m
[31m[1m^[22m[39m[
31m[1m^[22m[39m[3
1m[1m^[22m[39m[31
m[1m^[22m[39m[31m
[1m^[22m[39m[31m
[1m^[22m[39m[31m[
1m^[22m[39m[31m[1
m^[22m[39m[31m[1m
^[22m[39m[31m[1m^
[22m[39m[31m[1m^
[22m[39m[31m[1m^[
22m[39m[31m[1m^[2
2m[39m[31m[1m^[22
m[39m[31m[1m^[22m
[39m[31m[1m^[22m
[39m[31m[1m^[22m[
39m[31m[1m^[22m[3
9m[31m[1m^[22m[39
m[31m[1m^[22m[39m
[31m[1m^[22m[39m
[31m[1m^[22m[39m[
31m[1m^[22m[39m[3
1m[1m^[22m[39m[31
m[1m^[22m[39m[31m
[1m^[22m[39m[31m
[1m^[22m[39m[31m[
1m^[22m[39m[31m[1
m^[22m[39m[31m[1m
^[22m[39m[31m[1m^
[22m[39m[31m[1m^
[22m[39m[31m[1m^[
22m[39m[31m[1m^[2
2m[39m[31m[1m^[22
m[39m[31m[1m^[22m
[39m[31m[1m^[22m
[39m[31m[1m^[22m[
39m[31m[1m^[22m[3
9m[31m[1m^[22m[39
m[31m[1m^[22m[39m
 [90m  9 |[39m
 [90m 10 |[39m 
[36mexport[39m 
[36mfunction[39m [
33mOnboardingStepTwoC
lient[39m() {
 [90m 11 |[39m     
[36mconst[39m 
router [33m=[39m us
eRouter()[33m;[39m
[0m



Import trace:
  Server Component:
    ./apps/web/compon
ents/OnboardingStepTw
oClient.tsx
    ./apps/web/app/on
boarding/step2/page.t
sx

https://nextjs.org/do
cs/messages/module-no
t-found


./apps/web/components
/OnboardingStepTwoCli
ent.tsx:7:1
Module not found: 
Can't resolve '../../
../store/useOnboardin
gStore'
[0m [90m  5 |[39m 
[36mimport[39m { 
apiFetch } 
[36mfrom[39m [32m"
../../../lib/api"[39
m[33m;[39m
 [90m  6 |[39m 
[36mimport[39m { 
toast } 
[36mfrom[39m [32m"
../../../store/useToa
stStore"[39m[33m;[
39m
[31m[1m>[22m[39m
[90m  7 |[39m 
[36mimport[39m { 
useOnboardingStore } 
[36mfrom[39m [32m"
../../../store/useOnb
oardingStore"[39m[3
3m;[39m
 [90m    |[39m [31
m[1m^[22m[39m[31m
[1m^[22m[39m[31m
[1m^[22m[39m[31m[
1m^[22m[39m[31m[1
m^[22m[39m[31m[1m
^[22m[39m[31m[1m^
[22m[39m[31m[1m^
[22m[39m[31m[1m^[
22m[39m[31m[1m^[2
2m[39m[31m[1m^[22
m[39m[31m[1m^[22m
[39m[31m[1m^[22m
[39m[31m[1m^[22m[
39m[31m[1m^[22m[3
9m[31m[1m^[22m[39
m[31m[1m^[22m[39m
[31m[1m^[22m[39m
[31m[1m^[22m[39m[
31m[1m^[22m[39m[3
1m[1m^[22m[39m[31
m[1m^[22m[39m[31m
[1m^[22m[39m[31m
[1m^[22m[39m[31m[
1m^[22m[39m[31m[1
m^[22m[39m[31m[1m
^[22m[39m[31m[1m^
[22m[39m[31m[1m^
[22m[39m[31m[1m^[
22m[39m[31m[1m^[2
2m[39m[31m[1m^[22
m[39m[31m[1m^[22m
[39m[31m[1m^[22m
[39m[31m[1m^[22m[
39m[31m[1m^[22m[3
9m[31m[1m^[22m[39
m[31m[1m^[22m[39m
[31m[1m^[22m[39m
[31m[1m^[22m[39m[
31m[1m^[22m[39m[3
1m[1m^[22m[39m[31
m[1m^[22m[39m[31m
[1m^[22m[39m[31m
[1m^[22m[39m[31m[
1m^[22m[39m[31m[1
m^[22m[39m[31m[1m
^[22m[39m[31m[1m^
[22m[39m[31m[1m^
[22m[39m[31m[1m^[
22m[39m[31m[1m^[2
2m[39m[31m[1m^[22
m[39m[31m[1m^[22m
[39m[31m[1m^[22m
[39m[31m[1m^[22m[
39m[31m[1m^[22m[3
9m[31m[1m^[22m[39
m[31m[1m^[22m[39m
[31m[1m^[22m[39m
[31m[1m^[22m[39m[
31m[1m^[22m[39m[3
1m[1m^[22m[39m[31
m[1m^[22m[39m[31m
[1m^[22m[39m[31m
[1m^[22m[39m[31m[
1m^[22m[39m[31m[1
m^[22m[39m[31m[1m
^[22m[39m[31m[1m^
[22m[39m[31m[1m^
[22m[39m
 [90m  8 |[39m 
[36mimport[39m { 
useAuthStore } 
[36mfrom[39m [32m"
../../../store/useAut
hStore"[39m[33m;[3
9m
 [90m  9 |[39m
 [90m 10 |[39m 
[36mexport[39m 
[36mfunction[39m [
33mOnboardingStepTwoC
lient[39m() {[0m



Import trace:
  Server Component:
    ./apps/web/compon
ents/OnboardingStepTw
oClient.tsx
    ./apps/web/app/on
boarding/step2/page.t
sx

https://nextjs.org/do
cs/messages/module-no
t-found


./apps/web/components
/OnboardingStepTwoCli
ent.tsx:6:1
Module not found: 
Can't resolve '../../
../store/useToastStor
e'
[0m [90m 4 |[39m 
[36mimport[39m [33
mOnboardingTwo[39m[
33m,[39m { [33mOnbo
ardingStepTwoData[39
m } [36mfrom[39m [
32m"@repo/ui/profile-
setup/OnboardingPageT
wo"[39m[33m;[39m
 [90m 5 |[39m 
[36mimport[39m { 
apiFetch } 
[36mfrom[39m [32m"
../../../lib/api"[39
m[33m;[39m
[31m[1m>[22m[39m
[90m 6 |[39m 
[36mimport[39m { 
toast } 
[36mfrom[39m [32m"
../../../store/useToa
stStore"[39m[33m;[
39m
 [90m   |[39m [31m
[1m^[22m[39m[31m
[1m^[22m[39m[31m[
1m^[22m[39m[31m[1
m^[22m[39m[31m[1m
^[22m[39m[31m[1m^
[22m[39m[31m[1m^
[22m[39m[31m[1m^[
22m[39m[31m[1m^[2
2m[39m[31m[1m^[22
m[39m[31m[1m^[22m
[39m[31m[1m^[22m
[39m[31m[1m^[22m[
39m[31m[1m^[22m[3
9m[31m[1m^[22m[39
m[31m[1m^[22m[39m
[31m[1m^[22m[39m
[31m[1m^[22m[39m[
31m[1m^[22m[39m[3
1m[1m^[22m[39m[31
m[1m^[22m[39m[31m
[1m^[22m[39m[31m
[1m^[22m[39m[31m[
1m^[22m[39m[31m[1
m^[22m[39m[31m[1m
^[22m[39m[31m[1m^
[22m[39m[31m[1m^
[22m[39m[31m[1m^[
22m[39m[31m[1m^[2
2m[39m[31m[1m^[22
m[39m[31m[1m^[22m
[39m[31m[1m^[22m
[39m[31m[1m^[22m[
39m[31m[1m^[22m[3
9m[31m[1m^[22m[39
m[31m[1m^[22m[39m
[31m[1m^[22m[39m
[31m[1m^[22m[39m[
31m[1m^[22m[39m[3
1m[1m^[22m[39m[31
m[1m^[22m[39m[31m
[1m^[22m[39m[31m
[1m^[22m[39m[31m[
1m^[22m[39m[31m[1
m^[22m[39m[31m[1m
^[22m[39m[31m[1m^
[22m[39m[31m[1m^
[22m[39m[31m[1m^[
22m[39m[31m[1m^[2
2m[39m[31m[1m^[22
m[39m[31m[1m^[22m
[39m
 [90m 7 |[39m 
[36mimport[39m { 
useOnboardingStore } 
[36mfrom[39m [32m"
../../../store/useOnb
oardingStore"[39m[3
3m;[39m
 [90m 8 |[39m 
[36mimport[39m { 
useAuthStore } 
[36mfrom[39m [32m"
../../../store/useAut
hStore"[39m[33m;[3
9m
 [90m 9 |[39m[0m



Import trace:
  Server Component:
    ./apps/web/compon
ents/OnboardingStepTw
oClient.tsx
    ./apps/web/app/on
boarding/step2/page.t
sx

https://nextjs.org/do
cs/messages/module-no
t-found


    at <unknown> (./a
pps/web/components/On
boardingStepTwoClient
.tsx:5:1)
    at <unknown> (htt
ps://nextjs.org/docs/
messages/module-not-f
ound)
    at <unknown> (./a
pps/web/components/On
boardingStepTwoClient
.tsx:8:1)
    at <unknown> (htt
ps://nextjs.org/docs/
messages/module-not-f
ound)
    at <unknown> (./a
pps/web/components/On
boardingStepTwoClient
.tsx:7:1)
    at <unknown> (htt
ps://nextjs.org/docs/
messages/module-not-f
ound)
    at <unknown> (./a
pps/web/components/On
boardingStepTwoClient
.tsx:6:1)
    at <unknown> (htt
ps://nextjs.org/docs/
messages/module-not-f
ound)
D:\Projects\cuhp-devs\apps\web:
ΓÇëERR_PNPM_RECURSIVE_RUN_FIRST_FAILΓÇë web@0.1.0 build: `next build`
Exit status 1
